Archive member included to satisfy reference by file (symbol)

/usr/local/lpcxpresso_8.2.2_650/lpcxpresso/tools/bin/../lib/gcc/arm-none-eabi/5.4.1/../../../../arm-none-eabi/lib/armv7-m/libcr_c.a(memset.o)
                              ./Aplicacion/Solver3.o (memset)
/usr/local/lpcxpresso_8.2.2_650/lpcxpresso/tools/bin/../lib/gcc/arm-none-eabi/5.4.1/../../../../arm-none-eabi/lib/armv7-m/libcr_c.a(__weak__main.o)
                              ./Aplicacion/cr_startup_lpc175x_6x.o (__main)
/usr/local/lpcxpresso_8.2.2_650/lpcxpresso/tools/bin/../lib/gcc/arm-none-eabi/5.4.1/armv7-m/libcr_eabihelpers.a(memcpy.o)
                              /usr/local/lpcxpresso_8.2.2_650/lpcxpresso/tools/bin/../lib/gcc/arm-none-eabi/5.4.1/../../../../arm-none-eabi/lib/armv7-m/libcr_c.a(memset.o) (__aeabi_lowlevel_memset)

Discarded input sections

 .group         0x00000000        0x8 ./Primitivas/PR_Serial.o
 .group         0x00000000        0x8 ./Primitivas/PR_Serial.o
 .group         0x00000000        0x8 ./Primitivas/PR_Serial.o
 .group         0x00000000        0x8 ./Primitivas/PR_Serial.o
 .group         0x00000000        0x8 ./Primitivas/PR_Serial.o
 .group         0x00000000        0x8 ./Primitivas/PR_Serial.o
 .text          0x00000000        0x0 ./Primitivas/PR_Serial.o
 .data          0x00000000        0x0 ./Primitivas/PR_Serial.o
 .bss           0x00000000        0x0 ./Primitivas/PR_Serial.o
 .bss.g_txIn    0x00000000        0x1 ./Primitivas/PR_Serial.o
 .bss.g_rxOut   0x00000000        0x1 ./Primitivas/PR_Serial.o
 .text.Serial_PopRx
                0x00000000       0x60 ./Primitivas/PR_Serial.o
 .text.Serial_PushTx
                0x00000000       0x74 ./Primitivas/PR_Serial.o
 .text.Serial_Send
                0x00000000       0x98 ./Primitivas/PR_Serial.o
 .group         0x00000000        0x8 ./Primitivas/PR_cube.o
 .group         0x00000000        0x8 ./Primitivas/PR_cube.o
 .group         0x00000000        0x8 ./Primitivas/PR_cube.o
 .group         0x00000000        0x8 ./Primitivas/PR_cube.o
 .group         0x00000000        0x8 ./Primitivas/PR_cube.o
 .group         0x00000000        0x8 ./Primitivas/PR_cube.o
 .text          0x00000000        0x0 ./Primitivas/PR_cube.o
 .data          0x00000000        0x0 ./Primitivas/PR_cube.o
 .bss           0x00000000        0x0 ./Primitivas/PR_cube.o
 .text.SoltarCubo
                0x00000000       0x18 ./Primitivas/PR_cube.o
 .text.carasMotores
                0x00000000       0x8c ./Primitivas/PR_cube.o
 .debug_macro   0x00000000      0x886 ./Primitivas/PR_cube.o
 .debug_macro   0x00000000      0x693 ./Primitivas/PR_cube.o
 .group         0x00000000        0x8 ./Primitivas/PR_stepper.o
 .group         0x00000000        0x8 ./Primitivas/PR_stepper.o
 .text          0x00000000        0x0 ./Primitivas/PR_stepper.o
 .data          0x00000000        0x0 ./Primitivas/PR_stepper.o
 .bss           0x00000000        0x0 ./Primitivas/PR_stepper.o
 .debug_macro   0x00000000      0x886 ./Primitivas/PR_stepper.o
 .debug_macro   0x00000000      0x693 ./Primitivas/PR_stepper.o
 .group         0x00000000        0x8 ./Primitivas/ProyecInit.o
 .group         0x00000000        0x8 ./Primitivas/ProyecInit.o
 .group         0x00000000        0x8 ./Primitivas/ProyecInit.o
 .group         0x00000000        0x8 ./Primitivas/ProyecInit.o
 .group         0x00000000        0x8 ./Primitivas/ProyecInit.o
 .text          0x00000000        0x0 ./Primitivas/ProyecInit.o
 .data          0x00000000        0x0 ./Primitivas/ProyecInit.o
 .bss           0x00000000        0x0 ./Primitivas/ProyecInit.o
 .debug_macro   0x00000000      0x886 ./Primitivas/ProyecInit.o
 .debug_macro   0x00000000      0x693 ./Primitivas/ProyecInit.o
 .debug_macro   0x00000000       0x94 ./Primitivas/ProyecInit.o
 .debug_macro   0x00000000       0x64 ./Primitivas/ProyecInit.o
 .debug_macro   0x00000000       0x40 ./Primitivas/ProyecInit.o
 .group         0x00000000        0x8 ./Drivers/FW_GPIO.o
 .group         0x00000000        0x8 ./Drivers/FW_GPIO.o
 .group         0x00000000        0x8 ./Drivers/FW_GPIO.o
 .group         0x00000000        0x8 ./Drivers/FW_GPIO.o
 .group         0x00000000        0x8 ./Drivers/FW_GPIO.o
 .text          0x00000000        0x0 ./Drivers/FW_GPIO.o
 .data          0x00000000        0x0 ./Drivers/FW_GPIO.o
 .bss           0x00000000        0x0 ./Drivers/FW_GPIO.o
 .text.SetPINMODE
                0x00000000       0x88 ./Drivers/FW_GPIO.o
 .text.GetPIN   0x00000000       0x38 ./Drivers/FW_GPIO.o
 .debug_macro   0x00000000      0x886 ./Drivers/FW_GPIO.o
 .debug_macro   0x00000000      0x693 ./Drivers/FW_GPIO.o
 .debug_macro   0x00000000       0x94 ./Drivers/FW_GPIO.o
 .debug_macro   0x00000000       0x64 ./Drivers/FW_GPIO.o
 .debug_macro   0x00000000       0x40 ./Drivers/FW_GPIO.o
 .group         0x00000000        0x8 ./Drivers/FW_Stepper.o
 .group         0x00000000        0x8 ./Drivers/FW_Stepper.o
 .group         0x00000000        0x8 ./Drivers/FW_Stepper.o
 .group         0x00000000        0x8 ./Drivers/FW_Stepper.o
 .group         0x00000000        0x8 ./Drivers/FW_Stepper.o
 .text          0x00000000        0x0 ./Drivers/FW_Stepper.o
 .data          0x00000000        0x0 ./Drivers/FW_Stepper.o
 .bss           0x00000000        0x0 ./Drivers/FW_Stepper.o
 .debug_macro   0x00000000      0x886 ./Drivers/FW_Stepper.o
 .debug_macro   0x00000000      0x693 ./Drivers/FW_Stepper.o
 .debug_macro   0x00000000       0x94 ./Drivers/FW_Stepper.o
 .debug_macro   0x00000000       0x64 ./Drivers/FW_Stepper.o
 .debug_macro   0x00000000       0x40 ./Drivers/FW_Stepper.o
 .group         0x00000000        0x8 ./Drivers/FW_Systick.o
 .group         0x00000000        0x8 ./Drivers/FW_Systick.o
 .group         0x00000000        0x8 ./Drivers/FW_Systick.o
 .group         0x00000000        0x8 ./Drivers/FW_Systick.o
 .group         0x00000000        0x8 ./Drivers/FW_Systick.o
 .text          0x00000000        0x0 ./Drivers/FW_Systick.o
 .data          0x00000000        0x0 ./Drivers/FW_Systick.o
 .bss           0x00000000        0x0 ./Drivers/FW_Systick.o
 .debug_macro   0x00000000      0x886 ./Drivers/FW_Systick.o
 .debug_macro   0x00000000      0x693 ./Drivers/FW_Systick.o
 .debug_macro   0x00000000       0x94 ./Drivers/FW_Systick.o
 .debug_macro   0x00000000       0x64 ./Drivers/FW_Systick.o
 .debug_macro   0x00000000       0x40 ./Drivers/FW_Systick.o
 .group         0x00000000        0x8 ./Drivers/FW_Timer.o
 .group         0x00000000        0x8 ./Drivers/FW_Timer.o
 .group         0x00000000        0x8 ./Drivers/FW_Timer.o
 .text          0x00000000        0x0 ./Drivers/FW_Timer.o
 .data          0x00000000        0x0 ./Drivers/FW_Timer.o
 .bss           0x00000000        0x0 ./Drivers/FW_Timer.o
 .debug_macro   0x00000000      0x886 ./Drivers/FW_Timer.o
 .debug_macro   0x00000000      0x693 ./Drivers/FW_Timer.o
 .debug_macro   0x00000000       0x64 ./Drivers/FW_Timer.o
 .group         0x00000000        0x8 ./Drivers/FW_UART.o
 .group         0x00000000        0x8 ./Drivers/FW_UART.o
 .group         0x00000000        0x8 ./Drivers/FW_UART.o
 .group         0x00000000        0x8 ./Drivers/FW_UART.o
 .text          0x00000000        0x0 ./Drivers/FW_UART.o
 .data          0x00000000        0x0 ./Drivers/FW_UART.o
 .bss           0x00000000        0x0 ./Drivers/FW_UART.o
 .text.UART_Init
                0x00000000       0x78 ./Drivers/FW_UART.o
 .debug_macro   0x00000000      0x886 ./Drivers/FW_UART.o
 .debug_macro   0x00000000      0x693 ./Drivers/FW_UART.o
 .debug_macro   0x00000000       0x64 ./Drivers/FW_UART.o
 .debug_macro   0x00000000       0x10 ./Drivers/FW_UART.o
 .group         0x00000000        0x8 ./Aplicacion/Solver3.o
 .group         0x00000000        0x8 ./Aplicacion/Solver3.o
 .group         0x00000000        0x8 ./Aplicacion/Solver3.o
 .group         0x00000000        0x8 ./Aplicacion/Solver3.o
 .group         0x00000000        0x8 ./Aplicacion/Solver3.o
 .group         0x00000000        0x8 ./Aplicacion/Solver3.o
 .group         0x00000000        0x8 ./Aplicacion/Solver3.o
 .text          0x00000000        0x0 ./Aplicacion/Solver3.o
 .data          0x00000000        0x0 ./Aplicacion/Solver3.o
 .bss           0x00000000        0x0 ./Aplicacion/Solver3.o
 .debug_macro   0x00000000      0x886 ./Aplicacion/Solver3.o
 .debug_macro   0x00000000      0x693 ./Aplicacion/Solver3.o
 .debug_macro   0x00000000       0x94 ./Aplicacion/Solver3.o
 .debug_macro   0x00000000       0x64 ./Aplicacion/Solver3.o
 .debug_macro   0x00000000       0x40 ./Aplicacion/Solver3.o
 .debug_macro   0x00000000       0x28 ./Aplicacion/Solver3.o
 .group         0x00000000        0x8 ./Aplicacion/cr_startup_lpc175x_6x.o
 .text          0x00000000        0x0 ./Aplicacion/cr_startup_lpc175x_6x.o
 .data          0x00000000        0x0 ./Aplicacion/cr_startup_lpc175x_6x.o
 .bss           0x00000000        0x0 ./Aplicacion/cr_startup_lpc175x_6x.o
 .debug_macro   0x00000000      0x886 ./Aplicacion/cr_startup_lpc175x_6x.o
 .group         0x00000000        0x8 ./Aplicacion/crp.o
 .group         0x00000000        0x8 ./Aplicacion/crp.o
 .text          0x00000000        0x0 ./Aplicacion/crp.o
 .data          0x00000000        0x0 ./Aplicacion/crp.o
 .bss           0x00000000        0x0 ./Aplicacion/crp.o
 .crp           0x00000000        0x4 ./Aplicacion/crp.o
 .debug_info    0x00000000       0x3f ./Aplicacion/crp.o
 .debug_abbrev  0x00000000       0x36 ./Aplicacion/crp.o
 .debug_aranges
                0x00000000       0x18 ./Aplicacion/crp.o
 .debug_macro   0x00000000       0x1a ./Aplicacion/crp.o
 .debug_macro   0x00000000      0x886 ./Aplicacion/crp.o
 .debug_macro   0x00000000       0x34 ./Aplicacion/crp.o
 .debug_line    0x00000000       0x83 ./Aplicacion/crp.o
 .debug_str     0x00000000     0x25ac ./Aplicacion/crp.o
 .comment       0x00000000       0x6f ./Aplicacion/crp.o
 .ARM.attributes
                0x00000000       0x33 ./Aplicacion/crp.o
 .text          0x00000000        0x0 /usr/local/lpcxpresso_8.2.2_650/lpcxpresso/tools/bin/../lib/gcc/arm-none-eabi/5.4.1/../../../../arm-none-eabi/lib/armv7-m/libcr_c.a(memset.o)
 .data          0x00000000        0x0 /usr/local/lpcxpresso_8.2.2_650/lpcxpresso/tools/bin/../lib/gcc/arm-none-eabi/5.4.1/../../../../arm-none-eabi/lib/armv7-m/libcr_c.a(memset.o)
 .bss           0x00000000        0x0 /usr/local/lpcxpresso_8.2.2_650/lpcxpresso/tools/bin/../lib/gcc/arm-none-eabi/5.4.1/../../../../arm-none-eabi/lib/armv7-m/libcr_c.a(memset.o)
 .text          0x00000000        0x0 /usr/local/lpcxpresso_8.2.2_650/lpcxpresso/tools/bin/../lib/gcc/arm-none-eabi/5.4.1/../../../../arm-none-eabi/lib/armv7-m/libcr_c.a(__weak__main.o)
 .data          0x00000000        0x0 /usr/local/lpcxpresso_8.2.2_650/lpcxpresso/tools/bin/../lib/gcc/arm-none-eabi/5.4.1/../../../../arm-none-eabi/lib/armv7-m/libcr_c.a(__weak__main.o)
 .bss           0x00000000        0x0 /usr/local/lpcxpresso_8.2.2_650/lpcxpresso/tools/bin/../lib/gcc/arm-none-eabi/5.4.1/../../../../arm-none-eabi/lib/armv7-m/libcr_c.a(__weak__main.o)
 .text          0x00000000        0x0 /usr/local/lpcxpresso_8.2.2_650/lpcxpresso/tools/bin/../lib/gcc/arm-none-eabi/5.4.1/armv7-m/libcr_eabihelpers.a(memcpy.o)
 .data          0x00000000        0x0 /usr/local/lpcxpresso_8.2.2_650/lpcxpresso/tools/bin/../lib/gcc/arm-none-eabi/5.4.1/armv7-m/libcr_eabihelpers.a(memcpy.o)
 .bss           0x00000000        0x0 /usr/local/lpcxpresso_8.2.2_650/lpcxpresso/tools/bin/../lib/gcc/arm-none-eabi/5.4.1/armv7-m/libcr_eabihelpers.a(memcpy.o)
 .text.__aeabi_memcpy
                0x00000000       0x34 /usr/local/lpcxpresso_8.2.2_650/lpcxpresso/tools/bin/../lib/gcc/arm-none-eabi/5.4.1/armv7-m/libcr_eabihelpers.a(memcpy.o)
 .text.__aeabi_memmove
                0x00000000       0x1c /usr/local/lpcxpresso_8.2.2_650/lpcxpresso/tools/bin/../lib/gcc/arm-none-eabi/5.4.1/armv7-m/libcr_eabihelpers.a(memcpy.o)
 .text.__aeabi_memclr
                0x00000000        0x8 /usr/local/lpcxpresso_8.2.2_650/lpcxpresso/tools/bin/../lib/gcc/arm-none-eabi/5.4.1/armv7-m/libcr_eabihelpers.a(memcpy.o)
 .text.__aeabi_memset
                0x00000000        0xa /usr/local/lpcxpresso_8.2.2_650/lpcxpresso/tools/bin/../lib/gcc/arm-none-eabi/5.4.1/armv7-m/libcr_eabihelpers.a(memcpy.o)

Memory Configuration

Name             Origin             Length             Attributes
MFlash512        0x00000000         0x00080000         xr
RamLoc32         0x10000000         0x00008000         xrw
RamAHB32         0x2007c000         0x00008000         xrw
*default*        0x00000000         0xffffffff

Linker script and memory map

LOAD ./Primitivas/PR_Serial.o
LOAD ./Primitivas/PR_cube.o
LOAD ./Primitivas/PR_stepper.o
LOAD ./Primitivas/ProyecInit.o
LOAD ./Drivers/FW_GPIO.o
LOAD ./Drivers/FW_Stepper.o
LOAD ./Drivers/FW_Systick.o
LOAD ./Drivers/FW_Timer.o
LOAD ./Drivers/FW_UART.o
LOAD ./Aplicacion/Solver3.o
LOAD ./Aplicacion/cr_startup_lpc175x_6x.o
LOAD ./Aplicacion/crp.o
START GROUP
LOAD /usr/local/lpcxpresso_8.2.2_650/lpcxpresso/tools/bin/../lib/gcc/arm-none-eabi/5.4.1/../../../../arm-none-eabi/lib/armv7-m/libcr_c.a
LOAD /usr/local/lpcxpresso_8.2.2_650/lpcxpresso/tools/bin/../lib/gcc/arm-none-eabi/5.4.1/armv7-m/libcr_eabihelpers.a
END GROUP
                0x00000000                __base_MFlash512 = 0x0
                0x00000000                __base_Flash = 0x0
                0x00080000                __top_MFlash512 = 0x80000
                0x00080000                __top_Flash = 0x80000
                0x10000000                __base_RamLoc32 = 0x10000000
                0x10000000                __base_RAM = 0x10000000
                0x10008000                __top_RamLoc32 = 0x10008000
                0x10008000                __top_RAM = 0x10008000
                0x2007c000                __base_RamAHB32 = 0x2007c000
                0x2007c000                __base_RAM2 = 0x2007c000
                0x20084000                __top_RamAHB32 = 0x20084000
                0x20084000                __top_RAM2 = 0x20084000

.text           0x00000000     0x17b8
 FILL mask 0xff
                0x00000000                __vectors_start__ = ABSOLUTE (.)
 *(.isr_vector)
 .isr_vector    0x00000000       0xcc ./Aplicacion/cr_startup_lpc175x_6x.o
                0x00000000                g_pfnVectors
                0x000000cc                . = ALIGN (0x4)
                0x000000cc                __section_table_start = .
                0x000000cc                __data_section_table = .
                0x000000cc        0x4 LONG 0x17b8 LOADADDR (.data)
                0x000000d0        0x4 LONG 0x10000000 ADDR (.data)
                0x000000d4        0x4 LONG 0x8 SIZEOF (.data)
                0x000000d8        0x4 LONG 0x17b8 LOADADDR (.data_RAM2)
                0x000000dc        0x4 LONG 0x2007c000 ADDR (.data_RAM2)
                0x000000e0        0x4 LONG 0x0 SIZEOF (.data_RAM2)
                0x000000e4                __data_section_table_end = .
                0x000000e4                __bss_section_table = .
                0x000000e4        0x4 LONG 0x10000008 ADDR (.bss)
                0x000000e8        0x4 LONG 0x144 SIZEOF (.bss)
                0x000000ec        0x4 LONG 0x2007c000 ADDR (.bss_RAM2)
                0x000000f0        0x4 LONG 0x0 SIZEOF (.bss_RAM2)
                0x000000f4                __bss_section_table_end = .
                0x000000f4                __section_table_end = .
 *(.after_vectors*)
 .after_vectors
                0x000000f4      0x140 ./Aplicacion/cr_startup_lpc175x_6x.o
                0x000000f4                data_init
                0x00000138                bss_init
                0x00000170                ResetISR
                0x000001e4                NMI_Handler
                0x000001ec                HardFault_Handler
                0x000001f4                MemManage_Handler
                0x000001fc                BusFault_Handler
                0x00000204                UsageFault_Handler
                0x0000020c                SVC_Handler
                0x00000214                DebugMon_Handler
                0x0000021c                PendSV_Handler
                0x0000022c                TIMER2_IRQHandler
                0x0000022c                RIT_IRQHandler
                0x0000022c                I2C0_IRQHandler
                0x0000022c                USBActivity_IRQHandler
                0x0000022c                PWM1_IRQHandler
                0x0000022c                I2C1_IRQHandler
                0x0000022c                EINT2_IRQHandler
                0x0000022c                EINT3_IRQHandler
                0x0000022c                CANActivity_IRQHandler
                0x0000022c                TIMER3_IRQHandler
                0x0000022c                UART0_IRQHandler
                0x0000022c                IntDefaultHandler
                0x0000022c                PLL0_IRQHandler
                0x0000022c                CAN_IRQHandler
                0x0000022c                PLL1_IRQHandler
                0x0000022c                SSP0_IRQHandler
                0x0000022c                I2S_IRQHandler
                0x0000022c                I2C2_IRQHandler
                0x0000022c                RTC_IRQHandler
                0x0000022c                SPI_IRQHandler
                0x0000022c                EINT1_IRQHandler
                0x0000022c                TIMER1_IRQHandler
                0x0000022c                UART2_IRQHandler
                0x0000022c                ADC_IRQHandler
                0x0000022c                SSP1_IRQHandler
                0x0000022c                USB_IRQHandler
                0x0000022c                BOD_IRQHandler
                0x0000022c                WDT_IRQHandler
                0x0000022c                QEI_IRQHandler
                0x0000022c                EINT0_IRQHandler
                0x0000022c                DMA_IRQHandler
                0x0000022c                UART3_IRQHandler
                0x0000022c                MCPWM_IRQHandler
                0x0000022c                ENET_IRQHandler
 *(.text*)
 .text.PushRx   0x00000234       0x60 ./Primitivas/PR_Serial.o
 .text.PopTx    0x00000294       0x60 ./Primitivas/PR_Serial.o
 .text.Serial_RxIntHandler
                0x000002f4       0x20 ./Primitivas/PR_Serial.o
                0x000002f4                Serial_RxIntHandler
 .text.Serial_TxIntHandler
                0x00000314       0x30 ./Primitivas/PR_Serial.o
                0x00000314                Serial_TxIntHandler
 .text.rotar    0x00000344       0xd4 ./Primitivas/PR_cube.o
                0x00000344                rotar
 .text.Cube     0x00000418      0x350 ./Primitivas/PR_cube.o
                0x00000418                Cube
 .text.solverVector
                0x00000768       0x64 ./Primitivas/PR_cube.o
                0x00000768                solverVector
 .text.relocate
                0x000007cc      0x17c ./Primitivas/PR_cube.o
                0x000007cc                relocate
 .text.estadoMotores
                0x00000948       0x70 ./Primitivas/PR_cube.o
                0x00000948                estadoMotores
 .text.PR_motor
                0x000009b8      0x10c ./Primitivas/PR_stepper.o
                0x000009b8                PR_motor
 .text.Inicializacion
                0x00000ac4       0x20 ./Primitivas/ProyecInit.o
                0x00000ac4                Inicializacion
 .text.PLL_Init
                0x00000ae4      0x14c ./Primitivas/ProyecInit.o
                0x00000ae4                PLL_Init
 .text.Pin_Init
                0x00000c30      0x274 ./Primitivas/ProyecInit.o
                0x00000c30                Pin_Init
 .text.SetPINSEL
                0x00000ea4       0x88 ./Drivers/FW_GPIO.o
                0x00000ea4                SetPINSEL
 .text.SetDIR   0x00000f2c       0x74 ./Drivers/FW_GPIO.o
                0x00000f2c                SetDIR
 .text.SetPIN   0x00000fa0       0x70 ./Drivers/FW_GPIO.o
                0x00000fa0                SetPIN
 .text.FW_dirMotor
                0x00001010       0x88 ./Drivers/FW_Stepper.o
                0x00001010                FW_dirMotor
 .text.FW_enblMotor
                0x00001098       0xd8 ./Drivers/FW_Stepper.o
                0x00001098                FW_enblMotor
 .text.banderas
                0x00001170      0x104 ./Drivers/FW_Stepper.o
                0x00001170                banderas
 .text.FW_motor
                0x00001274      0x148 ./Drivers/FW_Stepper.o
                0x00001274                FW_motor
 .text.FW_motorLineal
                0x000013bc      0x120 ./Drivers/FW_Stepper.o
                0x000013bc                FW_motorLineal
 .text.Systick_Init
                0x000014dc       0x34 ./Drivers/FW_Systick.o
                0x000014dc                Systick_Init
 .text.SysTick_Handler
                0x00001510       0x18 ./Drivers/FW_Systick.o
                0x00001510                SysTick_Handler
 .text.TIMER0_Init
                0x00001528       0x84 ./Drivers/FW_Timer.o
                0x00001528                TIMER0_Init
 .text.TIMER0_IRQHandler
                0x000015ac       0x2c ./Drivers/FW_Timer.o
                0x000015ac                TIMER0_IRQHandler
 .text.UART_ReceiveByte
                0x000015d8       0x18 ./Drivers/FW_UART.o
                0x000015d8                UART_ReceiveByte
 .text.UART_SendByte
                0x000015f0       0x20 ./Drivers/FW_UART.o
                0x000015f0                UART_SendByte
 .text.UART1_IRQHandler
                0x00001610       0x40 ./Drivers/FW_UART.o
                0x00001610                UART1_IRQHandler
 .text.main     0x00001650      0x12c ./Aplicacion/Solver3.o
                0x00001650                main
 .text.memset   0x0000177c        0x4 /usr/local/lpcxpresso_8.2.2_650/lpcxpresso/tools/bin/../lib/gcc/arm-none-eabi/5.4.1/../../../../arm-none-eabi/lib/armv7-m/libcr_c.a(memset.o)
                0x0000177c                memset
 .text.__weak_main
                0x00001780        0x4 /usr/local/lpcxpresso_8.2.2_650/lpcxpresso/tools/bin/../lib/gcc/arm-none-eabi/5.4.1/../../../../arm-none-eabi/lib/armv7-m/libcr_c.a(__weak__main.o)
                0x00001780                __main
                0x00001780                __weak_main
 .text.__aeabi_memset_lowlevel
                0x00001784       0x32 /usr/local/lpcxpresso_8.2.2_650/lpcxpresso/tools/bin/../lib/gcc/arm-none-eabi/5.4.1/armv7-m/libcr_eabihelpers.a(memcpy.o)
                0x00001784                __aeabi_lowlevel_memset
 *(.rodata .rodata.* .constdata .constdata.*)
                0x000017b8                . = ALIGN (0x4)
 *fill*         0x000017b6        0x2 ff

.glue_7         0x000017b8        0x0
 .glue_7        0x000017b8        0x0 linker stubs

.glue_7t        0x000017b8        0x0
 .glue_7t       0x000017b8        0x0 linker stubs

.vfp11_veneer   0x000017b8        0x0
 .vfp11_veneer  0x000017b8        0x0 linker stubs

.v4_bx          0x000017b8        0x0
 .v4_bx         0x000017b8        0x0 linker stubs

.iplt           0x000017b8        0x0
 .iplt          0x000017b8        0x0 ./Primitivas/PR_Serial.o

.rel.dyn        0x000017b8        0x0
 .rel.iplt      0x000017b8        0x0 ./Primitivas/PR_Serial.o

.ARM.extab
 *(.ARM.extab* .gnu.linkonce.armextab.*)
                0x000017b8                __exidx_start = .

.ARM.exidx
 *(.ARM.exidx* .gnu.linkonce.armexidx.*)
                0x000017b8                __exidx_end = .
                0x000017b8                _etext = .

.data_RAM2      0x2007c000        0x0 load address 0x000017b8
 FILL mask 0xff
                [!provide]                PROVIDE (__start_data_RAM2, .)
 *(.ramfunc.$RAM2)
 *(.ramfunc.$RamAHB32)
 *(.data.$RAM2*)
 *(.data.$RamAHB32*)
                0x2007c000                . = ALIGN (0x4)
                [!provide]                PROVIDE (__end_data_RAM2, .)

.uninit_RESERVED
                0x10000000        0x0
 *(.bss.$RESERVED*)
                0x10000000                . = ALIGN (0x4)
                0x10000000                _end_uninit_RESERVED = .

.data           0x10000000        0x8 load address 0x000017b8
 FILL mask 0xff
                0x10000000                _data = .
 *(vtable)
 *(.ramfunc*)
 *(.data*)
 .data.stepper2
                0x10000000        0x1 ./Primitivas/PR_cube.o
                0x10000000                stepper2
 .data.stepper3
                0x10000001        0x1 ./Primitivas/PR_cube.o
                0x10000001                stepper3
 .data.stepper4
                0x10000002        0x1 ./Primitivas/PR_cube.o
                0x10000002                stepper4
 .data.stepper5
                0x10000003        0x1 ./Primitivas/PR_cube.o
                0x10000003                stepper5
 .data.aux2.3765
                0x10000004        0x1 ./Drivers/FW_Stepper.o
 .data.aux3.3766
                0x10000005        0x1 ./Drivers/FW_Stepper.o
 .data.aux4.3767
                0x10000006        0x1 ./Drivers/FW_Stepper.o
 .data.aux5.3768
                0x10000007        0x1 ./Drivers/FW_Stepper.o
                0x10000008                . = ALIGN (0x4)
                0x10000008                _edata = .

.igot.plt       0x10000008        0x0 load address 0x000017c0
 .igot.plt      0x10000008        0x0 ./Primitivas/PR_Serial.o

.bss_RAM2       0x2007c000        0x0
                [!provide]                PROVIDE (__start_bss_RAM2, .)
 *(.bss.$RAM2*)
 *(.bss.$RamAHB32*)
                0x2007c000                . = ALIGN ((. != 0x0)?0x4:0x1)
                [!provide]                PROVIDE (__end_bss_RAM2, .)

.bss            0x10000008      0x144
                0x10000008                _bss = .
 *(.bss*)
 .bss.g_txBuffer
                0x10000008       0x80 ./Primitivas/PR_Serial.o
                0x10000008                g_txBuffer
 .bss.g_rxBuffer
                0x10000088       0x80 ./Primitivas/PR_Serial.o
                0x10000088                g_rxBuffer
 .bss.g_txOut   0x10000108        0x1 ./Primitivas/PR_Serial.o
                0x10000108                g_txOut
 .bss.g_rxIn    0x10000109        0x1 ./Primitivas/PR_Serial.o
                0x10000109                g_rxIn
 .bss.g_txBufferCount
                0x1000010a        0x1 ./Primitivas/PR_Serial.o
                0x1000010a                g_txBufferCount
 .bss.g_rxBufferCount
                0x1000010b        0x1 ./Primitivas/PR_Serial.o
                0x1000010b                g_rxBufferCount
 .bss.g_txStart
                0x1000010c        0x1 ./Primitivas/PR_Serial.o
 .bss.estado.3774
                0x1000010d        0x1 ./Primitivas/PR_cube.o
 .bss.i.3804    0x1000010e        0x1 ./Primitivas/PR_cube.o
 *fill*         0x1000010f        0x1 
 .bss.estado.3809
                0x10000110        0x4 ./Primitivas/PR_cube.o
 .bss.g_motor1  0x10000114        0x8 ./Primitivas/PR_stepper.o
                0x10000114                g_motor1
 .bss.g_motor2  0x1000011c        0x8 ./Primitivas/PR_stepper.o
                0x1000011c                g_motor2
 .bss.g_motor3  0x10000124        0x8 ./Primitivas/PR_stepper.o
                0x10000124                g_motor3
 .bss.g_motor4  0x1000012c        0x8 ./Primitivas/PR_stepper.o
                0x1000012c                g_motor4
 .bss.g_motor5  0x10000134        0x8 ./Primitivas/PR_stepper.o
                0x10000134                g_motor5
 .bss.g_motor6  0x1000013c        0x8 ./Primitivas/PR_stepper.o
                0x1000013c                g_motor6
 .bss._flag2    0x10000144        0x1 ./Drivers/FW_Stepper.o
                0x10000144                _flag2
 .bss._flag3    0x10000145        0x1 ./Drivers/FW_Stepper.o
                0x10000145                _flag3
 .bss._flag4    0x10000146        0x1 ./Drivers/FW_Stepper.o
                0x10000146                _flag4
 .bss._flag5    0x10000147        0x1 ./Drivers/FW_Stepper.o
                0x10000147                _flag5
 .bss.oscillator_1.3775
                0x10000148        0x1 ./Drivers/FW_Stepper.o
 .bss.oscillator_6.3776
                0x10000149        0x1 ./Drivers/FW_Stepper.o
 *(COMMON)
                0x1000014c                . = ALIGN (0x4)
 *fill*         0x1000014a        0x2 
                0x1000014c                _ebss = .
                [!provide]                PROVIDE (end, .)

.noinit_RAM2    0x2007c000        0x0
 *(.noinit.$RAM2*)
 *(.noinit.$RamAHB32*)
                0x2007c000                . = ALIGN (0x4)

.noinit         0x1000014c        0x0
                0x1000014c                _noinit = .
 *(.noinit*)
                0x1000014c                . = ALIGN (0x4)
                0x1000014c                _end_noinit = .
                [!provide]                PROVIDE (_pvHeapStart, DEFINED (__user_heap_base)?__user_heap_base:.)
                0x10008000                PROVIDE (_vStackTop, DEFINED (__user_stack_top)?__user_stack_top:(__top_RamLoc32 - 0x0))
                0xefff74c6                PROVIDE (__valid_user_code_checksum, (0x0 - ((((((_vStackTop + (ResetISR + 0x1)) + (NMI_Handler + 0x1)) + (HardFault_Handler + 0x1)) + (DEFINED (MemManage_Handler)?MemManage_Handler:0x0 + 0x1)) + (DEFINED (BusFault_Handler)?BusFault_Handler:0x0 + 0x1)) + (DEFINED (UsageFault_Handler)?UsageFault_Handler:0x0 + 0x1))))
OUTPUT(Solver3.axf elf32-littlearm)

.debug_info     0x00000000     0x107b
 .debug_info    0x00000000      0x25f ./Primitivas/PR_Serial.o
 .debug_info    0x0000025f      0x29d ./Primitivas/PR_cube.o
 .debug_info    0x000004fc      0x13f ./Primitivas/PR_stepper.o
 .debug_info    0x0000063b       0x92 ./Primitivas/ProyecInit.o
 .debug_info    0x000006cd      0x19c ./Drivers/FW_GPIO.o
 .debug_info    0x00000869      0x203 ./Drivers/FW_Stepper.o
 .debug_info    0x00000a6c      0x19c ./Drivers/FW_Systick.o
 .debug_info    0x00000c08       0x94 ./Drivers/FW_Timer.o
 .debug_info    0x00000c9c       0xd4 ./Drivers/FW_UART.o
 .debug_info    0x00000d70       0xb8 ./Aplicacion/Solver3.o
 .debug_info    0x00000e28      0x253 ./Aplicacion/cr_startup_lpc175x_6x.o

.debug_abbrev   0x00000000      0x84f
 .debug_abbrev  0x00000000      0x106 ./Primitivas/PR_Serial.o
 .debug_abbrev  0x00000106      0x115 ./Primitivas/PR_cube.o
 .debug_abbrev  0x0000021b       0x8d ./Primitivas/PR_stepper.o
 .debug_abbrev  0x000002a8       0x6a ./Primitivas/ProyecInit.o
 .debug_abbrev  0x00000312       0x8c ./Drivers/FW_GPIO.o
 .debug_abbrev  0x0000039e       0xea ./Drivers/FW_Stepper.o
 .debug_abbrev  0x00000488      0x115 ./Drivers/FW_Systick.o
 .debug_abbrev  0x0000059d       0x7b ./Drivers/FW_Timer.o
 .debug_abbrev  0x00000618       0xbc ./Drivers/FW_UART.o
 .debug_abbrev  0x000006d4       0x86 ./Aplicacion/Solver3.o
 .debug_abbrev  0x0000075a       0xf5 ./Aplicacion/cr_startup_lpc175x_6x.o

.debug_aranges  0x00000000      0x298
 .debug_aranges
                0x00000000       0x50 ./Primitivas/PR_Serial.o
 .debug_aranges
                0x00000050       0x50 ./Primitivas/PR_cube.o
 .debug_aranges
                0x000000a0       0x20 ./Primitivas/PR_stepper.o
 .debug_aranges
                0x000000c0       0x30 ./Primitivas/ProyecInit.o
 .debug_aranges
                0x000000f0       0x40 ./Drivers/FW_GPIO.o
 .debug_aranges
                0x00000130       0x40 ./Drivers/FW_Stepper.o
 .debug_aranges
                0x00000170       0x28 ./Drivers/FW_Systick.o
 .debug_aranges
                0x00000198       0x28 ./Drivers/FW_Timer.o
 .debug_aranges
                0x000001c0       0x38 ./Drivers/FW_UART.o
 .debug_aranges
                0x000001f8       0x20 ./Aplicacion/Solver3.o
 .debug_aranges
                0x00000218       0x80 ./Aplicacion/cr_startup_lpc175x_6x.o

.debug_ranges   0x00000000      0x1e8
 .debug_ranges  0x00000000       0x40 ./Primitivas/PR_Serial.o
 .debug_ranges  0x00000040       0x40 ./Primitivas/PR_cube.o
 .debug_ranges  0x00000080       0x10 ./Primitivas/PR_stepper.o
 .debug_ranges  0x00000090       0x20 ./Primitivas/ProyecInit.o
 .debug_ranges  0x000000b0       0x30 ./Drivers/FW_GPIO.o
 .debug_ranges  0x000000e0       0x30 ./Drivers/FW_Stepper.o
 .debug_ranges  0x00000110       0x18 ./Drivers/FW_Systick.o
 .debug_ranges  0x00000128       0x18 ./Drivers/FW_Timer.o
 .debug_ranges  0x00000140       0x28 ./Drivers/FW_UART.o
 .debug_ranges  0x00000168       0x10 ./Aplicacion/Solver3.o
 .debug_ranges  0x00000178       0x70 ./Aplicacion/cr_startup_lpc175x_6x.o

.debug_macro    0x00000000     0x1669
 .debug_macro   0x00000000       0x5e ./Primitivas/PR_Serial.o
 .debug_macro   0x0000005e      0x886 ./Primitivas/PR_Serial.o
 .debug_macro   0x000008e4      0x693 ./Primitivas/PR_Serial.o
 .debug_macro   0x00000f77       0x10 ./Primitivas/PR_Serial.o
 .debug_macro   0x00000f87       0x10 ./Primitivas/PR_Serial.o
 .debug_macro   0x00000f97      0x12d ./Primitivas/PR_Serial.o
 .debug_macro   0x000010c4       0xa0 ./Primitivas/PR_Serial.o
 .debug_macro   0x00001164       0x70 ./Primitivas/PR_cube.o
 .debug_macro   0x000011d4       0x94 ./Primitivas/PR_cube.o
 .debug_macro   0x00001268       0x64 ./Primitivas/PR_cube.o
 .debug_macro   0x000012cc       0x40 ./Primitivas/PR_cube.o
 .debug_macro   0x0000130c       0x28 ./Primitivas/PR_cube.o
 .debug_macro   0x00001334       0x1e ./Primitivas/PR_stepper.o
 .debug_macro   0x00001352       0x61 ./Primitivas/ProyecInit.o
 .debug_macro   0x000013b3       0x61 ./Drivers/FW_GPIO.o
 .debug_macro   0x00001414       0x61 ./Drivers/FW_Stepper.o
 .debug_macro   0x00001475       0x61 ./Drivers/FW_Systick.o
 .debug_macro   0x000014d6       0x37 ./Drivers/FW_Timer.o
 .debug_macro   0x0000150d       0x40 ./Drivers/FW_UART.o
 .debug_macro   0x0000154d       0x7d ./Aplicacion/Solver3.o
 .debug_macro   0x000015ca       0x82 ./Aplicacion/Solver3.o
 .debug_macro   0x0000164c       0x1d ./Aplicacion/cr_startup_lpc175x_6x.o

.debug_line     0x00000000     0x12b9
 .debug_line    0x00000000      0x221 ./Primitivas/PR_Serial.o
 .debug_line    0x00000221      0x33e ./Primitivas/PR_cube.o
 .debug_line    0x0000055f       0xd2 ./Primitivas/PR_stepper.o
 .debug_line    0x00000631      0x21b ./Primitivas/ProyecInit.o
 .debug_line    0x0000084c      0x1e7 ./Drivers/FW_GPIO.o
 .debug_line    0x00000a33      0x231 ./Drivers/FW_Stepper.o
 .debug_line    0x00000c64      0x18a ./Drivers/FW_Systick.o
 .debug_line    0x00000dee       0xa0 ./Drivers/FW_Timer.o
 .debug_line    0x00000e8e      0x143 ./Drivers/FW_UART.o
 .debug_line    0x00000fd1      0x20d ./Aplicacion/Solver3.o
 .debug_line    0x000011de       0xdb ./Aplicacion/cr_startup_lpc175x_6x.o

.debug_str      0x00000000     0x4f13
 .debug_str     0x00000000     0x41d0 ./Primitivas/PR_Serial.o
                               0x422f (size before relaxing)
 .debug_str     0x000041d0      0x4d7 ./Primitivas/PR_cube.o
                               0x3e4b (size before relaxing)
 .debug_str     0x000046a7       0x32 ./Primitivas/PR_stepper.o
                               0x39d5 (size before relaxing)
 .debug_str     0x000046d9       0x45 ./Primitivas/ProyecInit.o
                               0x3d05 (size before relaxing)
 .debug_str     0x0000471e       0x4f ./Drivers/FW_GPIO.o
                               0x3d20 (size before relaxing)
 .debug_str     0x0000476d       0x9c ./Drivers/FW_Stepper.o
                               0x3db5 (size before relaxing)
 .debug_str     0x00004809       0x5f ./Drivers/FW_Systick.o
                               0x3d9a (size before relaxing)
 .debug_str     0x00004868       0x3d ./Drivers/FW_Timer.o
                               0x3a85 (size before relaxing)
 .debug_str     0x000048a5       0x4f ./Drivers/FW_UART.o
                               0x3ac5 (size before relaxing)
 .debug_str     0x000048f4      0x466 ./Aplicacion/Solver3.o
                               0x41c9 (size before relaxing)
 .debug_str     0x00004d5a      0x1b9 ./Aplicacion/cr_startup_lpc175x_6x.o
                               0x2694 (size before relaxing)

.comment        0x00000000       0xdc
 .comment       0x00000000       0x6e ./Primitivas/PR_Serial.o
                                 0x6f (size before relaxing)
 .comment       0x0000006e       0x6f ./Primitivas/PR_cube.o
 .comment       0x0000006e       0x6f ./Primitivas/PR_stepper.o
 .comment       0x0000006e       0x6f ./Primitivas/ProyecInit.o
 .comment       0x0000006e       0x6f ./Drivers/FW_GPIO.o
 .comment       0x0000006e       0x6f ./Drivers/FW_Stepper.o
 .comment       0x0000006e       0x6f ./Drivers/FW_Systick.o
 .comment       0x0000006e       0x6f ./Drivers/FW_Timer.o
 .comment       0x0000006e       0x6f ./Drivers/FW_UART.o
 .comment       0x0000006e       0x6f ./Aplicacion/Solver3.o
 .comment       0x0000006e       0x6f ./Aplicacion/cr_startup_lpc175x_6x.o
 .comment       0x0000006e       0x6e /usr/local/lpcxpresso_8.2.2_650/lpcxpresso/tools/bin/../lib/gcc/arm-none-eabi/5.4.1/../../../../arm-none-eabi/lib/armv7-m/libcr_c.a(memset.o)
                                 0x6f (size before relaxing)
 .comment       0x000000dc       0x6f /usr/local/lpcxpresso_8.2.2_650/lpcxpresso/tools/bin/../lib/gcc/arm-none-eabi/5.4.1/../../../../arm-none-eabi/lib/armv7-m/libcr_c.a(__weak__main.o)

.ARM.attributes
                0x00000000       0x31
 .ARM.attributes
                0x00000000       0x33 ./Primitivas/PR_Serial.o
 .ARM.attributes
                0x00000033       0x33 ./Primitivas/PR_cube.o
 .ARM.attributes
                0x00000066       0x33 ./Primitivas/PR_stepper.o
 .ARM.attributes
                0x00000099       0x33 ./Primitivas/ProyecInit.o
 .ARM.attributes
                0x000000cc       0x33 ./Drivers/FW_GPIO.o
 .ARM.attributes
                0x000000ff       0x33 ./Drivers/FW_Stepper.o
 .ARM.attributes
                0x00000132       0x33 ./Drivers/FW_Systick.o
 .ARM.attributes
                0x00000165       0x33 ./Drivers/FW_Timer.o
 .ARM.attributes
                0x00000198       0x33 ./Drivers/FW_UART.o
 .ARM.attributes
                0x000001cb       0x33 ./Aplicacion/Solver3.o
 .ARM.attributes
                0x000001fe       0x33 ./Aplicacion/cr_startup_lpc175x_6x.o
 .ARM.attributes
                0x00000231       0x33 /usr/local/lpcxpresso_8.2.2_650/lpcxpresso/tools/bin/../lib/gcc/arm-none-eabi/5.4.1/../../../../arm-none-eabi/lib/armv7-m/libcr_c.a(memset.o)
 .ARM.attributes
                0x00000264       0x33 /usr/local/lpcxpresso_8.2.2_650/lpcxpresso/tools/bin/../lib/gcc/arm-none-eabi/5.4.1/../../../../arm-none-eabi/lib/armv7-m/libcr_c.a(__weak__main.o)
 .ARM.attributes
                0x00000297       0x21 /usr/local/lpcxpresso_8.2.2_650/lpcxpresso/tools/bin/../lib/gcc/arm-none-eabi/5.4.1/armv7-m/libcr_eabihelpers.a(memcpy.o)

.debug_frame    0x00000000      0x728
 .debug_frame   0x00000000      0x118 ./Primitivas/PR_Serial.o
 .debug_frame   0x00000118      0x114 ./Primitivas/PR_cube.o
 .debug_frame   0x0000022c       0x38 ./Primitivas/PR_stepper.o
 .debug_frame   0x00000264       0x68 ./Primitivas/ProyecInit.o
 .debug_frame   0x000002cc       0xd8 ./Drivers/FW_GPIO.o
 .debug_frame   0x000003a4       0xa4 ./Drivers/FW_Stepper.o
 .debug_frame   0x00000448       0x54 ./Drivers/FW_Systick.o
 .debug_frame   0x0000049c       0x54 ./Drivers/FW_Timer.o
 .debug_frame   0x000004f0       0x98 ./Drivers/FW_UART.o
 .debug_frame   0x00000588       0x30 ./Aplicacion/Solver3.o
 .debug_frame   0x000005b8      0x170 ./Aplicacion/cr_startup_lpc175x_6x.o
